audit audit_2026-08-27T1318: 1 test(s) × 2 runs → /Users/a_vachasov/dev/claude_projects/e2e_test_harness/runs/audit_2026-08-27T1318

===== audit run 1/2 =====
[2026-08-27T13:18:34.197981] run 2026-08-27T1318_196 (seq 17) → /Users/a_vachasov/dev/claude_projects/e2e_test_harness/runs/2026-08-27T1318_196
[2026-08-27T13:18:34.198305] tests: smoke_sign_in
[2026-08-27T13:18:34.198807] firebase: {mode: emulator, projectId: demo-e2e-harness, apiKey: <set>, authEmulatorPort: 0} pool: <scope>-<role>@e2e.example.com
[2026-08-27T13:18:34.202247] starting Firebase Auth emulator on port 64241
[2026-08-27T13:18:36.972665] starting backend on port 64260
[2026-08-27T13:18:37.620613] sync server on port 64264
[2026-08-27T13:18:37.621909] booting devices: ios, android
[2026-08-27T13:18:37.674666] ready: android:e2e_pixel(emulator-5554) (51 ms)
[2026-08-27T13:18:37.811132] ready: ios:iPhone 16(07F94C82-4E7C-4B05-9076-C33B80D14E0B) (189 ms)
[2026-08-27T13:18:37.823140] scheduling smoke_sign_in on A=android:e2e_pixel(emulator-5554)
[2026-08-27T13:18:37.824085] === test smoke_sign_in ===
[2026-08-27T13:18:37.825783] smoke_sign_in/A: user smoke-sign-in-a@e2e.example.com
[2026-08-27T13:18:39.480762] launching smoke_sign_in role=A on android:e2e_pixel(emulator-5554) (patrol ports 64291/64292)
[2026-08-27T13:19:30.408902] screenshot smoke_sign_in/A: 01_auth-page.png
[2026-08-27T13:19:35.296384] screenshot smoke_sign_in/A: 02_home.png
[2026-08-27T13:19:39.550429] test smoke_sign_in: PASS
[2026-08-27T13:19:42.423512] summary: /Users/a_vachasov/dev/claude_projects/e2e_test_harness/runs/2026-08-27T1318_196/summary.html
[2026-08-27T13:19:42.423579] result: 1/1 passed, exit 0

===== audit run 2/2 =====
[2026-08-27T13:19:42.426284] run 2026-08-27T1319_425 (seq 18) → /Users/a_vachasov/dev/claude_projects/e2e_test_harness/runs/2026-08-27T1319_425
[2026-08-27T13:19:42.426313] tests: smoke_sign_in
[2026-08-27T13:19:42.426343] firebase: {mode: emulator, projectId: demo-e2e-harness, apiKey: <set>, authEmulatorPort: 0} pool: <scope>-<role>@e2e.example.com
[2026-08-27T13:19:42.426457] starting Firebase Auth emulator on port 64713
[2026-08-27T13:19:45.158144] starting backend on port 64733
[2026-08-27T13:19:45.809937] sync server on port 64737
[2026-08-27T13:19:45.810187] booting devices: ios, android
[2026-08-27T13:19:45.867402] ready: android:e2e_pixel(emulator-5554) (57 ms)
[2026-08-27T13:19:46.003490] ready: ios:iPhone 16(07F94C82-4E7C-4B05-9076-C33B80D14E0B) (193 ms)
[2026-08-27T13:19:46.012916] scheduling smoke_sign_in on A=android:e2e_pixel(emulator-5554)
[2026-08-27T13:19:46.012982] === test smoke_sign_in ===
[2026-08-27T13:19:46.014665] smoke_sign_in/A: user smoke-sign-in-a@e2e.example.com
[2026-08-27T13:19:47.553962] launching smoke_sign_in role=A on android:e2e_pixel(emulator-5554) (patrol ports 64765/64766)
[2026-08-27T13:20:33.027784] screenshot smoke_sign_in/A: 01_auth-page.png
[2026-08-27T13:20:37.895746] screenshot smoke_sign_in/A: 02_home.png
[2026-08-27T13:20:42.071643] test smoke_sign_in: PASS
[2026-08-27T13:20:45.221349] summary: /Users/a_vachasov/dev/claude_projects/e2e_test_harness/runs/2026-08-27T1319_425/summary.html
[2026-08-27T13:20:45.221392] result: 1/1 passed, exit 0
pruned old run: /Users/a_vachasov/dev/claude_projects/e2e_test_harness/runs/2026-08-26T1532_231

test                   runs  pass   rate     p50     p95  verdict
smoke_sign_in             2     2   100%   56.1s   61.7s  stable
run p50 62.8s · backend start 0.6s · auth emulator 2.7s · device boot android 0.1s, ios 0.2s

report: /Users/a_vachasov/dev/claude_projects/e2e_test_harness/runs/audit_2026-08-27T1318/audit.html
history: /Users/a_vachasov/dev/claude_projects/e2e_test_harness/e2e-history/HISTORY.md (0 regression(s), 2 improvement(s), 4 suite change(s))
AUDIT_EXIT=0
