[2026-08-26T15:35:44.320645] run 2026-08-26T1535_318 → /Users/a_vachasov/dev/claude_projects/e2e_test_harness/runs/2026-08-26T1535_318
[2026-08-26T15:35:44.322762] tests: cross_user_chat
[2026-08-26T15:35:44.323280] firebase: {mode: emulator, projectId: demo-e2e-harness, apiKey: null, serviceAccountKeyPath: <set>, authEmulatorPort: 0} provisioner: ephemeral
[2026-08-26T15:35:44.326611] starting Firebase Auth emulator on port 54409
[2026-08-26T15:35:46.775896] starting backend on port 54429
[2026-08-26T15:35:47.428478] sync server on port 54433
[2026-08-26T15:35:47.437319] provisioner ephemeral ready
[2026-08-26T15:35:47.438432] booting devices: ios, android
[2026-08-26T15:35:47.493945] ready: android:e2e_pixel(emulator-5554) (54 ms)
[2026-08-26T15:35:47.631913] ready: ios:iPhone 16(07F94C82-4E7C-4B05-9076-C33B80D14E0B) (193 ms)
[2026-08-26T15:35:47.635886] scheduling cross_user_chat on A=ios:iPhone 16(07F94C82-4E7C-4B05-9076-C33B80D14E0B), B=android:e2e_pixel(emulator-5554)
[2026-08-26T15:35:47.636509] === test cross_user_chat ===
[2026-08-26T15:35:47.645839] cross_user_chat/A: user 2026-08-26t1535-318-cross-user-chat-a@e2e.example.com
[2026-08-26T15:35:47.647081] cross_user_chat/B: user 2026-08-26t1535-318-cross-user-chat-b@e2e.example.com
[2026-08-26T15:35:49.261296] launching cross_user_chat role=A on ios:iPhone 16(07F94C82-4E7C-4B05-9076-C33B80D14E0B) (patrol ports 54459/54460)
[2026-08-26T15:35:49.262195] launching cross_user_chat role=B on android:e2e_pixel(emulator-5554) (patrol ports 54461/54462)
[2026-08-26T15:36:22.257087] screenshot cross_user_chat/A: 01_signed-in.png
[2026-08-26T15:36:45.071770] screenshot cross_user_chat/B: 01_signed-in.png
[2026-08-26T15:36:45.631301] WARN: aborting run: backend exited unexpectedly with code -9 (see backend.log)
[2026-08-26T15:36:48.248288] screenshot cross_user_chat/A: 02_chat-open.png
[2026-08-26T15:36:50.575643] screenshot cross_user_chat/B: 02_chat-open.png
[2026-08-26T15:37:48.784237] screenshot cross_user_chat/A: 03_failure.png
[2026-08-26T15:38:51.883242] screenshot cross_user_chat/B: 03_failure.png
[2026-08-26T15:38:57.051406] test cross_user_chat: INFRA
[2026-08-26T15:39:05.001530] summary: /Users/a_vachasov/dev/claude_projects/e2e_test_harness/runs/2026-08-26T1535_318/summary.html
[2026-08-26T15:39:05.001612] result: 0/1 passed, exit 2
RUN_EXIT=2
