[2026-08-27T12:29:19.439202] run 2026-08-27T1229_435 (seq 15) → /Users/a_vachasov/dev/claude_projects/e2e_test_harness/runs/2026-08-27T1229_435
[2026-08-27T12:29:19.441239] tests: smoke_sign_in, single_user_notes, returning_user, cross_user_chat, seeded_notes_reset, flaky_demo
[2026-08-27T12:29:19.441765] firebase: {mode: emulator, projectId: demo-e2e-harness, apiKey: <set>, authEmulatorPort: 0} pool: <scope>-<role>@e2e.example.com
[2026-08-27T12:29:19.445376] starting Firebase Auth emulator on port 58624
[2026-08-27T12:29:21.903546] starting backend on port 58643
[2026-08-27T12:29:22.553051] sync server on port 58648
[2026-08-27T12:29:22.554434] booting devices: ios, android
[2026-08-27T12:29:22.611158] ready: android:e2e_pixel(emulator-5554) (55 ms)
[2026-08-27T12:29:22.733237] ready: ios:iPhone 16(07F94C82-4E7C-4B05-9076-C33B80D14E0B) (178 ms)
[2026-08-27T12:29:22.751798] scheduling smoke_sign_in on A=android:e2e_pixel(emulator-5554)
[2026-08-27T12:29:22.752724] === test smoke_sign_in ===
[2026-08-27T12:29:22.752858] scheduling single_user_notes on A=ios:iPhone 16(07F94C82-4E7C-4B05-9076-C33B80D14E0B)
[2026-08-27T12:29:22.752880] === test single_user_notes ===
[2026-08-27T12:29:22.753979] smoke_sign_in/A: user smoke-sign-in-a@e2e.example.com
[2026-08-27T12:29:22.754766] single_user_notes/A: user single-user-notes-a@e2e.example.com
[2026-08-27T12:29:23.032372] launching single_user_notes role=A on ios:iPhone 16(07F94C82-4E7C-4B05-9076-C33B80D14E0B) (patrol ports 58677/58678)
[2026-08-27T12:29:24.217782] launching smoke_sign_in role=A on android:e2e_pixel(emulator-5554) (patrol ports 58691/58692)
[2026-08-27T12:29:57.008642] screenshot single_user_notes/A: 01_no-notes.png
[2026-08-27T12:29:58.493704] screenshot single_user_notes/A: 02_two-notes.png
[2026-08-27T12:30:00.439656] test single_user_notes: PASS
[2026-08-27T12:30:00.904463] scheduling returning_user on A=ios:iPhone 16(07F94C82-4E7C-4B05-9076-C33B80D14E0B)
[2026-08-27T12:30:00.904574] === test returning_user ===
[2026-08-27T12:30:00.906129] returning_user/A: user returning-user-a@e2e.example.com
[2026-08-27T12:30:01.223975] launching returning_user role=A on ios:iPhone 16(07F94C82-4E7C-4B05-9076-C33B80D14E0B) (patrol ports 59024/59025)
[2026-08-27T12:30:22.927535] screenshot smoke_sign_in/A: 01_auth-page.png
[2026-08-27T12:30:33.042145] screenshot returning_user/A: 01_first-continue-registered.png
[2026-08-27T12:30:33.583139] screenshot returning_user/A: 02_signed-out.png
[2026-08-27T12:30:34.236266] screenshot returning_user/A: 03_second-continue.png
[2026-08-27T12:30:35.682935] test returning_user: PASS
[2026-08-27T12:30:36.913837] scheduling seeded_notes_reset on A=ios:iPhone 16(07F94C82-4E7C-4B05-9076-C33B80D14E0B)
[2026-08-27T12:30:36.913939] === test seeded_notes_reset ===
[2026-08-27T12:30:36.918874] seeded_notes_reset/A: user seeded-notes-reset-a@e2e.example.com seeded with "user-with-history"
[2026-08-27T12:30:37.203534] launching seeded_notes_reset role=A on ios:iPhone 16(07F94C82-4E7C-4B05-9076-C33B80D14E0B) (patrol ports 59131/59132)
[2026-08-27T12:30:39.152965] screenshot smoke_sign_in/A: 02_home.png
[2026-08-27T12:30:43.834177] test smoke_sign_in: PASS
[2026-08-27T12:30:46.796230] scheduling flaky_demo on A=android:e2e_pixel(emulator-5554)
[2026-08-27T12:30:46.796285] === test flaky_demo ===
[2026-08-27T12:30:46.797265] flaky_demo/A: user flaky-demo-a@e2e.example.com
[2026-08-27T12:30:49.659159] launching flaky_demo role=A on android:e2e_pixel(emulator-5554) (patrol ports 59227/59228)
[2026-08-27T12:31:10.427566] screenshot seeded_notes_reset/A: 01_seeded.png
[2026-08-27T12:31:10.434661] account reset seeded_notes_reset/A (mid-test)
[2026-08-27T12:31:10.873416] screenshot seeded_notes_reset/A: 02_after-reset.png
[2026-08-27T12:31:10.879466] seeded seeded_notes_reset/A with "user-with-history" (mid-test)
[2026-08-27T12:31:11.901022] screenshot seeded_notes_reset/A: 03_re-seeded.png
[2026-08-27T12:31:13.191580] test seeded_notes_reset: PASS
[2026-08-27T12:31:40.661809] screenshot flaky_demo/A: 01_before-assertion.png
[2026-08-27T12:31:41.651503] screenshot flaky_demo/A: 02_failure.png
[2026-08-27T12:31:47.476596] test flaky_demo: FAIL (quarantined)
[2026-08-27T12:31:50.458599] scheduling cross_user_chat on A=ios:iPhone 16(07F94C82-4E7C-4B05-9076-C33B80D14E0B), B=android:e2e_pixel(emulator-5554)
[2026-08-27T12:31:50.458666] === test cross_user_chat ===
[2026-08-27T12:31:50.459709] cross_user_chat/A: user chat-a@e2e.example.com
[2026-08-27T12:31:50.460709] cross_user_chat/B: user chat-b@e2e.example.com
[2026-08-27T12:31:52.225493] launching cross_user_chat role=A on ios:iPhone 16(07F94C82-4E7C-4B05-9076-C33B80D14E0B) (patrol ports 59705/59706)
[2026-08-27T12:31:52.225819] launching cross_user_chat role=B on android:e2e_pixel(emulator-5554) (patrol ports 59707/59708)
[2026-08-27T12:32:27.828978] screenshot cross_user_chat/A: 01_signed-in.png
[2026-08-27T12:32:28.784205] screenshot cross_user_chat/B: 01_signed-in.png
[2026-08-27T12:32:32.946495] screenshot cross_user_chat/A: 02_chat-open.png
[2026-08-27T12:32:33.455904] screenshot cross_user_chat/A: 03_sent.png
[2026-08-27T12:32:35.111270] screenshot cross_user_chat/B: 02_chat-open.png
[2026-08-27T12:32:36.569661] screenshot cross_user_chat/B: 03_received.png
[2026-08-27T12:32:37.241455] screenshot cross_user_chat/B: 04_replied.png
[2026-08-27T12:32:37.368951] screenshot cross_user_chat/A: 04_reply-received.png
[2026-08-27T12:32:41.219278] test cross_user_chat: PASS
[2026-08-27T12:32:43.124655] WARN: quarantined test flaky_demo failed (tag "quarantine"): not counted against the run
[2026-08-27T12:32:43.174200] summary: /Users/a_vachasov/dev/claude_projects/e2e_test_harness/runs/2026-08-27T1229_435/summary.html
[2026-08-27T12:32:43.174261] result: 5/6 passed, exit 0
