[2026-08-26T15:28:34.484202] run 2026-08-26T1528_481 → /Users/a_vachasov/dev/claude_projects/e2e_test_harness/runs/2026-08-26T1528_481
[2026-08-26T15:28:34.486533] tests: smoke_sign_in
[2026-08-26T15:28:34.487139] firebase: {mode: real, projectId: fire…<redacted>, apiKey: null, serviceAccountKeyPath: <set>, authEmulatorPort: 0} provisioner: pooled
[2026-08-26T15:28:34.487227] using real Firebase project fire…<redacted>
[2026-08-26T15:28:36.009660] web API key discovered from a registered app
[2026-08-26T15:28:36.010935] starting backend on port 51393
[2026-08-26T15:28:36.653520] sync server on port 51397
[2026-08-26T15:28:36.939060] provisioner pooled ready
[2026-08-26T15:28:36.940] booting devices: ios, android
[2026-08-26T15:28:36.996243] ready: android:e2e_pixel(emulator-5554) (55 ms)
[2026-08-26T15:28:37.130072] ready: ios:iPhone 16(07F94C82-4E7C-4B05-9076-C33B80D14E0B) (189 ms)
[2026-08-26T15:28:37.133982] scheduling smoke_sign_in on A=android:e2e_pixel(emulator-5554)
[2026-08-26T15:28:37.134558] === test smoke_sign_in ===
[2026-08-26T15:28:37.600659] pool: pool busy, waiting for a free account
[2026-08-26T15:28:43.244646] pool: pool busy, waiting for a free account
[2026-08-26T15:28:48.764885] pool: pool busy, waiting for a free account
[2026-08-26T15:28:54.250224] pool: pool busy, waiting for a free account
[2026-08-26T15:28:59.696889] pool: pool busy, waiting for a free account
[2026-08-26T15:29:05.151721] pool: pool busy, waiting for a free account
[2026-08-26T15:29:10.578170] pool: pool busy, waiting for a free account
[2026-08-26T15:29:16.115895] pool: reclaiming stale lease on slot 1 (owner 2026-08-26T1528_239, expired 2026-08-26T13:29:12.780811Z)
[2026-08-26T15:29:19.206687] smoke_sign_in/A: user e2e-pool-1@e2e.example.com
[2026-08-26T15:29:20.776367] launching smoke_sign_in role=A on android:e2e_pixel(emulator-5554) (patrol ports 51452/51453)
[2026-08-26T15:30:02.563846] screenshot smoke_sign_in/A: 01_sign-in-page.png
[2026-08-26T15:30:05.064212] screenshot smoke_sign_in/A: 02_home.png
[2026-08-26T15:30:09.168578] test smoke_sign_in: PASS
[2026-08-26T15:30:12.658955] summary: /Users/a_vachasov/dev/claude_projects/e2e_test_harness/runs/2026-08-26T1528_481/summary.html
[2026-08-26T15:30:12.659083] result: 1/1 passed, exit 0
