[2026-08-26T15:30:14.324857] run 2026-08-26T1530_322 → /Users/a_vachasov/dev/claude_projects/e2e_test_harness/runs/2026-08-26T1530_322
[2026-08-26T15:30:14.327035] tests: smoke_sign_in, single_user_notes, cross_user_chat, seeded_notes_reset
[2026-08-26T15:30:14.327529] firebase: {mode: emulator, projectId: demo-e2e-harness, apiKey: null, serviceAccountKeyPath: <set>, authEmulatorPort: 0} provisioner: ephemeral
[2026-08-26T15:30:14.331223] starting Firebase Auth emulator on port 51853
[2026-08-26T15:30:16.785205] starting backend on port 51871
[2026-08-26T15:30:17.434301] sync server on port 51875
[2026-08-26T15:30:17.442658] provisioner ephemeral ready
[2026-08-26T15:30:17.443815] booting devices: ios, android
[2026-08-26T15:30:17.499150] ready: android:e2e_pixel(emulator-5554) (54 ms)
[2026-08-26T15:30:17.633586] ready: ios:iPhone 16(07F94C82-4E7C-4B05-9076-C33B80D14E0B) (189 ms)
[2026-08-26T15:30:17.635553] scheduling smoke_sign_in on A=android:e2e_pixel(emulator-5554)
[2026-08-26T15:30:17.636147] === test smoke_sign_in ===
[2026-08-26T15:30:17.636740] scheduling single_user_notes on A=ios:iPhone 16(07F94C82-4E7C-4B05-9076-C33B80D14E0B)
[2026-08-26T15:30:17.636761] === test single_user_notes ===
[2026-08-26T15:30:17.645521] smoke_sign_in/A: user 2026-08-26t1530-322-smoke-sign-in-a@e2e.example.com
[2026-08-26T15:30:17.645899] single_user_notes/A: user 2026-08-26t1530-322-single-user-notes-a@e2e.example.com
[2026-08-26T15:30:17.936686] launching single_user_notes role=A on ios:iPhone 16(07F94C82-4E7C-4B05-9076-C33B80D14E0B) (patrol ports 51896/51897)
[2026-08-26T15:30:19.090481] launching smoke_sign_in role=A on android:e2e_pixel(emulator-5554) (patrol ports 51911/51912)
[2026-08-26T15:30:52.158560] screenshot single_user_notes/A: 01_no-notes.png
[2026-08-26T15:30:53.544249] screenshot single_user_notes/A: 02_two-notes.png
[2026-08-26T15:30:54.479162] test single_user_notes: PASS
[2026-08-26T15:30:54.714578] scheduling seeded_notes_reset on A=ios:iPhone 16(07F94C82-4E7C-4B05-9076-C33B80D14E0B)
[2026-08-26T15:30:54.714664] === test seeded_notes_reset ===
[2026-08-26T15:30:54.719821] seeded_notes_reset/A: user 2026-08-26t1530-322-seeded-notes-reset-a@e2e.example.com seeded with "user-with-history"
[2026-08-26T15:30:55.005252] launching seeded_notes_reset role=A on ios:iPhone 16(07F94C82-4E7C-4B05-9076-C33B80D14E0B) (patrol ports 52235/52236)
[2026-08-26T15:31:14.062597] screenshot smoke_sign_in/A: 01_sign-in-page.png
[2026-08-26T15:31:22.663258] screenshot smoke_sign_in/A: 02_home.png
[2026-08-26T15:31:27.382598] screenshot seeded_notes_reset/A: 01_seeded.png
[2026-08-26T15:31:27.388569] account reset seeded_notes_reset/A (mid-test)
[2026-08-26T15:31:27.868940] screenshot seeded_notes_reset/A: 02_after-reset.png
[2026-08-26T15:31:27.874084] seeded seeded_notes_reset/A with "user-with-history" (mid-test)
[2026-08-26T15:31:28.830649] screenshot seeded_notes_reset/A: 03_re-seeded.png
[2026-08-26T15:31:30.170555] test seeded_notes_reset: PASS
[2026-08-26T15:31:31.154553] test smoke_sign_in: PASS
[2026-08-26T15:31:34.180080] scheduling cross_user_chat on A=ios:iPhone 16(07F94C82-4E7C-4B05-9076-C33B80D14E0B), B=android:e2e_pixel(emulator-5554)
[2026-08-26T15:31:34.180173] === test cross_user_chat ===
[2026-08-26T15:31:34.181520] cross_user_chat/A: user 2026-08-26t1530-322-cross-user-chat-a@e2e.example.com
[2026-08-26T15:31:34.182707] cross_user_chat/B: user 2026-08-26t1530-322-cross-user-chat-b@e2e.example.com
[2026-08-26T15:31:35.908304] launching cross_user_chat role=A on ios:iPhone 16(07F94C82-4E7C-4B05-9076-C33B80D14E0B) (patrol ports 52420/52421)
[2026-08-26T15:31:35.908593] launching cross_user_chat role=B on android:e2e_pixel(emulator-5554) (patrol ports 52422/52423)
[2026-08-26T15:32:08.224190] screenshot cross_user_chat/A: 01_signed-in.png
[2026-08-26T15:32:33.841942] screenshot cross_user_chat/B: 01_signed-in.png
[2026-08-26T15:32:36.994925] screenshot cross_user_chat/A: 02_chat-open.png
[2026-08-26T15:32:37.513846] screenshot cross_user_chat/A: 03_sent.png
[2026-08-26T15:32:39.581182] screenshot cross_user_chat/B: 02_chat-open.png
[2026-08-26T15:32:41.592694] screenshot cross_user_chat/B: 03_received.png
[2026-08-26T15:32:42.280327] screenshot cross_user_chat/A: 04_reply-received.png
[2026-08-26T15:32:43.642815] screenshot cross_user_chat/B: 04_replied.png
[2026-08-26T15:32:49.560341] test cross_user_chat: PASS
[2026-08-26T15:32:52.561013] summary: /Users/a_vachasov/dev/claude_projects/e2e_test_harness/runs/2026-08-26T1530_322/summary.html
[2026-08-26T15:32:52.561112] result: 4/4 passed, exit 0
