[2026-08-26T14:56:35.871978] run 2026-08-26T1456_869 → /Users/a_vachasov/dev/claude_projects/e2e_test_harness/runs/2026-08-26T1456_869
[2026-08-26T14:56:35.874101] tests: smoke_sign_in, single_user_notes, cross_user_chat, seeded_notes_reset
[2026-08-26T14:56:35.874589] firebase: {mode: emulator, projectId: demo-e2e-harness, apiKey: null, serviceAccountKeyPath: <set>, authEmulatorPort: 0} provisioner: ephemeral
[2026-08-26T14:56:35.878] starting Firebase Auth emulator on port 60714
[2026-08-26T14:56:38.334452] starting backend on port 60736
[2026-08-26T14:56:38.968872] sync server on port 60740
[2026-08-26T14:56:38.976830] provisioner ephemeral ready
[2026-08-26T14:56:38.977885] booting devices: ios, android
[2026-08-26T14:56:39.042325] ready: android:e2e_pixel(emulator-5554) (63 ms)
[2026-08-26T14:56:39.137243] ready: ios:iPhone 16(07F94C82-4E7C-4B05-9076-C33B80D14E0B) (159 ms)
[2026-08-26T14:56:39.141228] scheduling smoke_sign_in on A=android:e2e_pixel(emulator-5554)
[2026-08-26T14:56:39.141887] === test smoke_sign_in ===
[2026-08-26T14:56:39.142577] scheduling single_user_notes on A=ios:iPhone 16(07F94C82-4E7C-4B05-9076-C33B80D14E0B)
[2026-08-26T14:56:39.142605] === test single_user_notes ===
[2026-08-26T14:56:39.152602] smoke_sign_in/A: user 2026-08-26t1456-869-smoke-sign-in-a@e2e.example.com
[2026-08-26T14:56:39.153047] single_user_notes/A: user 2026-08-26t1456-869-single-user-notes-a@e2e.example.com
[2026-08-26T14:56:39.444340] launching single_user_notes role=A on ios:iPhone 16(07F94C82-4E7C-4B05-9076-C33B80D14E0B) (patrol ports 60765/60766)
[2026-08-26T14:56:40.826570] launching smoke_sign_in role=A on android:e2e_pixel(emulator-5554) (patrol ports 60781/60782)
[2026-08-26T14:57:22.014008] screenshot single_user_notes/A: 01_no-notes.png
[2026-08-26T14:57:23.405790] screenshot single_user_notes/A: 02_two-notes.png
[2026-08-26T14:57:24.778461] test single_user_notes: PASS
[2026-08-26T14:57:25.016908] scheduling seeded_notes_reset on A=ios:iPhone 16(07F94C82-4E7C-4B05-9076-C33B80D14E0B)
[2026-08-26T14:57:25.016985] === test seeded_notes_reset ===
[2026-08-26T14:57:25.022208] seeded_notes_reset/A: user 2026-08-26t1456-869-seeded-notes-reset-a@e2e.example.com seeded with "user-with-history"
[2026-08-26T14:57:25.312971] launching seeded_notes_reset role=A on ios:iPhone 16(07F94C82-4E7C-4B05-9076-C33B80D14E0B) (patrol ports 61182/61183)
[2026-08-26T14:57:42.114231] screenshot smoke_sign_in/A: 01_sign-in-page.png
[2026-08-26T14:57:46.978688] screenshot smoke_sign_in/A: 02_home.png
[2026-08-26T14:57:58.167188] screenshot seeded_notes_reset/A: 01_seeded.png
[2026-08-26T14:57:58.172692] account reset seeded_notes_reset/A (mid-test)
[2026-08-26T14:57:59.118295] screenshot seeded_notes_reset/A: 02_after-reset.png
[2026-08-26T14:57:59.124989] seeded seeded_notes_reset/A with "user-with-history" (mid-test)
[2026-08-26T14:58:00.390189] screenshot seeded_notes_reset/A: 03_re-seeded.png
[2026-08-26T14:58:01.985579] test seeded_notes_reset: PASS
[2026-08-26T14:58:02.625380] test smoke_sign_in: PASS
[2026-08-26T14:58:05.263500] scheduling cross_user_chat on A=ios:iPhone 16(07F94C82-4E7C-4B05-9076-C33B80D14E0B), B=android:e2e_pixel(emulator-5554)
[2026-08-26T14:58:05.263574] === test cross_user_chat ===
[2026-08-26T14:58:05.264572] cross_user_chat/A: user 2026-08-26t1456-869-cross-user-chat-a@e2e.example.com
[2026-08-26T14:58:05.265604] cross_user_chat/B: user 2026-08-26t1456-869-cross-user-chat-b@e2e.example.com
[2026-08-26T14:58:06.979356] launching cross_user_chat role=A on ios:iPhone 16(07F94C82-4E7C-4B05-9076-C33B80D14E0B) (patrol ports 61363/61364)
[2026-08-26T14:58:06.979609] launching cross_user_chat role=B on android:e2e_pixel(emulator-5554) (patrol ports 61365/61366)
[2026-08-26T14:58:39.931443] screenshot cross_user_chat/A: 01_signed-in.png
[2026-08-26T14:59:06.517311] screenshot cross_user_chat/B: 01_signed-in.png
[2026-08-26T14:59:09.622025] screenshot cross_user_chat/A: 02_chat-open.png
[2026-08-26T14:59:10.114032] screenshot cross_user_chat/A: 03_sent.png
[2026-08-26T14:59:12.114853] screenshot cross_user_chat/B: 02_chat-open.png
[2026-08-26T14:59:14.238173] screenshot cross_user_chat/B: 03_received.png
[2026-08-26T14:59:14.871447] screenshot cross_user_chat/A: 04_reply-received.png
[2026-08-26T14:59:16.145908] screenshot cross_user_chat/B: 04_replied.png
[2026-08-26T14:59:21.071317] test cross_user_chat: PASS
[2026-08-26T14:59:24.019435] summary: /Users/a_vachasov/dev/claude_projects/e2e_test_harness/runs/2026-08-26T1456_869/summary.html
[2026-08-26T14:59:24.019512] result: 4/4 passed, exit 0
RUN_EXIT=0
