audit audit_2026-08-26T1617: 5 test(s) × 5 runs → /Users/a_vachasov/dev/claude_projects/e2e_test_harness/runs/audit_2026-08-26T1617

===== audit run 1/5 =====
[2026-08-26T16:17:13.627436] run 2026-08-26T1617_625 (seq 8) → /Users/a_vachasov/dev/claude_projects/e2e_test_harness/runs/2026-08-26T1617_625
[2026-08-26T16:17:13.627745] tests: smoke_sign_in, single_user_notes, cross_user_chat, seeded_notes_reset, flaky_demo
[2026-08-26T16:17:13.628251] firebase: {mode: emulator, projectId: demo-e2e-harness, apiKey: null, serviceAccountKeyPath: <set>, authEmulatorPort: 0} provisioner: ephemeral
[2026-08-26T16:17:13.632139] starting Firebase Auth emulator on port 65397
[2026-08-26T16:17:16.096874] starting backend on port 65414
[2026-08-26T16:17:16.747930] sync server on port 65419
[2026-08-26T16:17:16.756558] provisioner ephemeral ready
[2026-08-26T16:17:16.757767] booting devices: ios, android
[2026-08-26T16:17:16.815705] ready: android:e2e_pixel(emulator-5554) (57 ms)
[2026-08-26T16:17:16.950742] ready: ios:iPhone 16(07F94C82-4E7C-4B05-9076-C33B80D14E0B) (192 ms)
[2026-08-26T16:17:16.955896] scheduling smoke_sign_in on A=android:e2e_pixel(emulator-5554)
[2026-08-26T16:17:16.956722] === test smoke_sign_in ===
[2026-08-26T16:17:16.957413] scheduling single_user_notes on A=ios:iPhone 16(07F94C82-4E7C-4B05-9076-C33B80D14E0B)
[2026-08-26T16:17:16.957438] === test single_user_notes ===
[2026-08-26T16:17:16.966471] smoke_sign_in/A: user 2026-08-26t1617-625-smoke-sign-in-a@e2e.example.com
[2026-08-26T16:17:16.966884] single_user_notes/A: user 2026-08-26t1617-625-single-user-notes-a@e2e.example.com
[2026-08-26T16:17:17.248762] launching single_user_notes role=A on ios:iPhone 16(07F94C82-4E7C-4B05-9076-C33B80D14E0B) (patrol ports 65440/65441)
[2026-08-26T16:17:18.557045] launching smoke_sign_in role=A on android:e2e_pixel(emulator-5554) (patrol ports 65483/65484)
[2026-08-26T16:17:52.280448] screenshot single_user_notes/A: 01_no-notes.png
[2026-08-26T16:17:53.711794] screenshot single_user_notes/A: 02_two-notes.png
[2026-08-26T16:17:55.558678] test single_user_notes: PASS
[2026-08-26T16:17:55.819200] scheduling seeded_notes_reset on A=ios:iPhone 16(07F94C82-4E7C-4B05-9076-C33B80D14E0B)
[2026-08-26T16:17:55.819314] === test seeded_notes_reset ===
[2026-08-26T16:17:55.825418] seeded_notes_reset/A: user 2026-08-26t1617-625-seeded-notes-reset-a@e2e.example.com seeded with "user-with-history"
[2026-08-26T16:17:56.140400] launching seeded_notes_reset role=A on ios:iPhone 16(07F94C82-4E7C-4B05-9076-C33B80D14E0B) (patrol ports 49451/49452)
[2026-08-26T16:18:28.984047] screenshot seeded_notes_reset/A: 01_seeded.png
[2026-08-26T16:18:28.991647] account reset seeded_notes_reset/A (mid-test)
[2026-08-26T16:18:29.734696] screenshot seeded_notes_reset/A: 02_after-reset.png
[2026-08-26T16:18:29.742604] seeded seeded_notes_reset/A with "user-with-history" (mid-test)
[2026-08-26T16:18:30.813998] screenshot seeded_notes_reset/A: 03_re-seeded.png
[2026-08-26T16:18:31.746251] test seeded_notes_reset: PASS
[2026-08-26T16:18:31.974922] scheduling flaky_demo on A=ios:iPhone 16(07F94C82-4E7C-4B05-9076-C33B80D14E0B)
[2026-08-26T16:18:31.975015] === test flaky_demo ===
[2026-08-26T16:18:31.977038] flaky_demo/A: user 2026-08-26t1617-625-flaky-demo-a@e2e.example.com
[2026-08-26T16:18:32.255967] launching flaky_demo role=A on ios:iPhone 16(07F94C82-4E7C-4B05-9076-C33B80D14E0B) (patrol ports 49557/49558)
[2026-08-26T16:18:35.053228] screenshot smoke_sign_in/A: 01_sign-in-page.png
[2026-08-26T16:18:38.952772] screenshot smoke_sign_in/A: 02_home.png
[2026-08-26T16:18:46.593618] test smoke_sign_in: PASS
[2026-08-26T16:19:05.199620] screenshot flaky_demo/A: 01_before-assertion.png
[2026-08-26T16:19:06.753369] test flaky_demo: PASS
[2026-08-26T16:19:07.212657] scheduling cross_user_chat on A=ios:iPhone 16(07F94C82-4E7C-4B05-9076-C33B80D14E0B), B=android:e2e_pixel(emulator-5554)
[2026-08-26T16:19:07.212757] === test cross_user_chat ===
[2026-08-26T16:19:07.214157] cross_user_chat/A: user 2026-08-26t1617-625-cross-user-chat-a@e2e.example.com
[2026-08-26T16:19:07.215325] cross_user_chat/B: user 2026-08-26t1617-625-cross-user-chat-b@e2e.example.com
[2026-08-26T16:19:09.842616] launching cross_user_chat role=A on ios:iPhone 16(07F94C82-4E7C-4B05-9076-C33B80D14E0B) (patrol ports 49723/49724)
[2026-08-26T16:19:09.843024] launching cross_user_chat role=B on android:e2e_pixel(emulator-5554) (patrol ports 49725/49726)
[2026-08-26T16:19:43.642718] screenshot cross_user_chat/A: 01_signed-in.png
[2026-08-26T16:20:15.223013] screenshot cross_user_chat/B: 01_signed-in.png
[2026-08-26T16:20:18.818590] screenshot cross_user_chat/A: 02_chat-open.png
[2026-08-26T16:20:19.351336] screenshot cross_user_chat/A: 03_sent.png
[2026-08-26T16:20:22.538346] screenshot cross_user_chat/B: 02_chat-open.png
[2026-08-26T16:20:24.766580] screenshot cross_user_chat/B: 03_received.png
[2026-08-26T16:20:25.702855] screenshot cross_user_chat/A: 04_reply-received.png
[2026-08-26T16:20:26.283579] screenshot cross_user_chat/B: 04_replied.png
[2026-08-26T16:20:32.432016] test cross_user_chat: PASS
[2026-08-26T16:20:35.477269] summary: /Users/a_vachasov/dev/claude_projects/e2e_test_harness/runs/2026-08-26T1617_625/summary.html
[2026-08-26T16:20:35.477336] result: 5/5 passed, exit 0

===== audit run 2/5 =====
[2026-08-26T16:20:35.480951] run 2026-08-26T1620_480 (seq 9) → /Users/a_vachasov/dev/claude_projects/e2e_test_harness/runs/2026-08-26T1620_480
[2026-08-26T16:20:35.480979] tests: smoke_sign_in, single_user_notes, cross_user_chat, seeded_notes_reset, flaky_demo
[2026-08-26T16:20:35.481008] firebase: {mode: emulator, projectId: demo-e2e-harness, apiKey: null, serviceAccountKeyPath: <set>, authEmulatorPort: 0} provisioner: ephemeral
[2026-08-26T16:20:35.481125] starting Firebase Auth emulator on port 50363
[2026-08-26T16:20:38.220864] starting backend on port 50383
[2026-08-26T16:20:38.864526] sync server on port 50393
[2026-08-26T16:20:38.868631] provisioner ephemeral ready
[2026-08-26T16:20:38.868748] booting devices: ios, android
[2026-08-26T16:20:38.921619] ready: android:e2e_pixel(emulator-5554) (52 ms)
[2026-08-26T16:20:39.057] ready: ios:iPhone 16(07F94C82-4E7C-4B05-9076-C33B80D14E0B) (188 ms)
[2026-08-26T16:20:39.059728] scheduling smoke_sign_in on A=android:e2e_pixel(emulator-5554)
[2026-08-26T16:20:39.059759] === test smoke_sign_in ===
[2026-08-26T16:20:39.059855] scheduling single_user_notes on A=ios:iPhone 16(07F94C82-4E7C-4B05-9076-C33B80D14E0B)
[2026-08-26T16:20:39.059866] === test single_user_notes ===
[2026-08-26T16:20:39.067068] smoke_sign_in/A: user 2026-08-26t1620-480-smoke-sign-in-a@e2e.example.com
[2026-08-26T16:20:39.071073] single_user_notes/A: user 2026-08-26t1620-480-single-user-notes-a@e2e.example.com
[2026-08-26T16:20:39.349886] launching single_user_notes role=A on ios:iPhone 16(07F94C82-4E7C-4B05-9076-C33B80D14E0B) (patrol ports 50420/50421)
[2026-08-26T16:20:40.554418] launching smoke_sign_in role=A on android:e2e_pixel(emulator-5554) (patrol ports 50445/50446)
[2026-08-26T16:21:13.146346] screenshot single_user_notes/A: 01_no-notes.png
[2026-08-26T16:21:14.748329] screenshot single_user_notes/A: 02_two-notes.png
[2026-08-26T16:21:16.457768] test single_user_notes: PASS
[2026-08-26T16:21:16.808452] scheduling seeded_notes_reset on A=ios:iPhone 16(07F94C82-4E7C-4B05-9076-C33B80D14E0B)
[2026-08-26T16:21:16.808533] === test seeded_notes_reset ===
[2026-08-26T16:21:16.811767] seeded_notes_reset/A: user 2026-08-26t1620-480-seeded-notes-reset-a@e2e.example.com seeded with "user-with-history"
[2026-08-26T16:21:18.061278] launching seeded_notes_reset role=A on ios:iPhone 16(07F94C82-4E7C-4B05-9076-C33B80D14E0B) (patrol ports 50758/50759)
[2026-08-26T16:21:39.985114] screenshot smoke_sign_in/A: 01_sign-in-page.png
[2026-08-26T16:21:51.135008] screenshot seeded_notes_reset/A: 01_seeded.png
[2026-08-26T16:21:51.142433] account reset seeded_notes_reset/A (mid-test)
[2026-08-26T16:21:51.755330] screenshot seeded_notes_reset/A: 02_after-reset.png
[2026-08-26T16:21:51.764436] seeded seeded_notes_reset/A with "user-with-history" (mid-test)
[2026-08-26T16:21:52.796643] screenshot seeded_notes_reset/A: 03_re-seeded.png
[2026-08-26T16:21:53.870318] test seeded_notes_reset: PASS
[2026-08-26T16:21:54.156179] scheduling flaky_demo on A=ios:iPhone 16(07F94C82-4E7C-4B05-9076-C33B80D14E0B)
[2026-08-26T16:21:54.156268] === test flaky_demo ===
[2026-08-26T16:21:54.157199] flaky_demo/A: user 2026-08-26t1620-480-flaky-demo-a@e2e.example.com
[2026-08-26T16:21:54.453663] launching flaky_demo role=A on ios:iPhone 16(07F94C82-4E7C-4B05-9076-C33B80D14E0B) (patrol ports 50881/50882)
[2026-08-26T16:21:54.988211] screenshot smoke_sign_in/A: 02_home.png
[2026-08-26T16:22:01.282786] test smoke_sign_in: PASS
[2026-08-26T16:22:26.860156] screenshot flaky_demo/A: 01_before-assertion.png
[2026-08-26T16:22:27.019365] screenshot flaky_demo/A: 02_failure.png
[2026-08-26T16:22:41.417720] test flaky_demo: FAIL (quarantined)
[2026-08-26T16:22:41.650347] scheduling cross_user_chat on A=ios:iPhone 16(07F94C82-4E7C-4B05-9076-C33B80D14E0B), B=android:e2e_pixel(emulator-5554)
[2026-08-26T16:22:41.650430] === test cross_user_chat ===
[2026-08-26T16:22:41.651485] cross_user_chat/A: user 2026-08-26t1620-480-cross-user-chat-a@e2e.example.com
[2026-08-26T16:22:41.652120] cross_user_chat/B: user 2026-08-26t1620-480-cross-user-chat-b@e2e.example.com
[2026-08-26T16:22:44.003947] launching cross_user_chat role=A on ios:iPhone 16(07F94C82-4E7C-4B05-9076-C33B80D14E0B) (patrol ports 51032/51033)
[2026-08-26T16:22:44.004300] launching cross_user_chat role=B on android:e2e_pixel(emulator-5554) (patrol ports 51034/51035)
[2026-08-26T16:23:18.152817] screenshot cross_user_chat/A: 01_signed-in.png
[2026-08-26T16:23:52.590146] screenshot cross_user_chat/B: 01_signed-in.png
[2026-08-26T16:23:56.729851] screenshot cross_user_chat/A: 02_chat-open.png
[2026-08-26T16:23:57.269474] screenshot cross_user_chat/A: 03_sent.png
[2026-08-26T16:24:00.136677] screenshot cross_user_chat/B: 02_chat-open.png
[2026-08-26T16:24:02.015960] screenshot cross_user_chat/B: 03_received.png
[2026-08-26T16:24:02.551165] screenshot cross_user_chat/A: 04_reply-received.png
[2026-08-26T16:24:03.461900] screenshot cross_user_chat/B: 04_replied.png
[2026-08-26T16:24:09.685942] test cross_user_chat: PASS
[2026-08-26T16:24:12.469723] WARN: quarantined test flaky_demo failed (tag "quarantine"): not counted against the run
[2026-08-26T16:24:12.507094] summary: /Users/a_vachasov/dev/claude_projects/e2e_test_harness/runs/2026-08-26T1620_480/summary.html
[2026-08-26T16:24:12.507136] result: 4/5 passed, exit 0

===== audit run 3/5 =====
[2026-08-26T16:24:12.509443] run 2026-08-26T1624_508 (seq 10) → /Users/a_vachasov/dev/claude_projects/e2e_test_harness/runs/2026-08-26T1624_508
[2026-08-26T16:24:12.509466] tests: smoke_sign_in, single_user_notes, cross_user_chat, seeded_notes_reset, flaky_demo
[2026-08-26T16:24:12.509489] firebase: {mode: emulator, projectId: demo-e2e-harness, apiKey: null, serviceAccountKeyPath: <set>, authEmulatorPort: 0} provisioner: ephemeral
[2026-08-26T16:24:12.509597] starting Firebase Auth emulator on port 51692
[2026-08-26T16:24:14.943213] starting backend on port 51710
[2026-08-26T16:24:15.583193] sync server on port 51714
[2026-08-26T16:24:15.587577] provisioner ephemeral ready
[2026-08-26T16:24:15.587683] booting devices: ios, android
[2026-08-26T16:24:15.644549] ready: android:e2e_pixel(emulator-5554) (56 ms)
[2026-08-26T16:24:15.776597] ready: ios:iPhone 16(07F94C82-4E7C-4B05-9076-C33B80D14E0B) (188 ms)
[2026-08-26T16:24:15.777408] scheduling smoke_sign_in on A=android:e2e_pixel(emulator-5554)
[2026-08-26T16:24:15.777445] === test smoke_sign_in ===
[2026-08-26T16:24:15.777527] scheduling single_user_notes on A=ios:iPhone 16(07F94C82-4E7C-4B05-9076-C33B80D14E0B)
[2026-08-26T16:24:15.777535] === test single_user_notes ===
[2026-08-26T16:24:15.784420] smoke_sign_in/A: user 2026-08-26t1624-508-smoke-sign-in-a@e2e.example.com
[2026-08-26T16:24:15.788501] single_user_notes/A: user 2026-08-26t1624-508-single-user-notes-a@e2e.example.com
[2026-08-26T16:24:16.066438] launching single_user_notes role=A on ios:iPhone 16(07F94C82-4E7C-4B05-9076-C33B80D14E0B) (patrol ports 51736/51737)
[2026-08-26T16:24:17.235035] launching smoke_sign_in role=A on android:e2e_pixel(emulator-5554) (patrol ports 51750/51751)
[2026-08-26T16:24:49.717517] screenshot single_user_notes/A: 01_no-notes.png
[2026-08-26T16:24:51.073633] screenshot single_user_notes/A: 02_two-notes.png
[2026-08-26T16:24:52.032643] test single_user_notes: PASS
[2026-08-26T16:24:52.264752] scheduling seeded_notes_reset on A=ios:iPhone 16(07F94C82-4E7C-4B05-9076-C33B80D14E0B)
[2026-08-26T16:24:52.264849] === test seeded_notes_reset ===
[2026-08-26T16:24:52.268139] seeded_notes_reset/A: user 2026-08-26t1624-508-seeded-notes-reset-a@e2e.example.com seeded with "user-with-history"
[2026-08-26T16:24:52.642457] launching seeded_notes_reset role=A on ios:iPhone 16(07F94C82-4E7C-4B05-9076-C33B80D14E0B) (patrol ports 52049/52050)
[2026-08-26T16:25:25.760443] screenshot seeded_notes_reset/A: 01_seeded.png
[2026-08-26T16:25:25.768042] account reset seeded_notes_reset/A (mid-test)
[2026-08-26T16:25:26.733729] screenshot seeded_notes_reset/A: 02_after-reset.png
[2026-08-26T16:25:26.744407] seeded seeded_notes_reset/A with "user-with-history" (mid-test)
[2026-08-26T16:25:28.233697] screenshot seeded_notes_reset/A: 03_re-seeded.png
[2026-08-26T16:25:29.546372] test seeded_notes_reset: PASS
[2026-08-26T16:25:29.781317] scheduling flaky_demo on A=ios:iPhone 16(07F94C82-4E7C-4B05-9076-C33B80D14E0B)
[2026-08-26T16:25:29.781417] === test flaky_demo ===
[2026-08-26T16:25:29.782880] flaky_demo/A: user 2026-08-26t1624-508-flaky-demo-a@e2e.example.com
[2026-08-26T16:25:30.069764] launching flaky_demo role=A on ios:iPhone 16(07F94C82-4E7C-4B05-9076-C33B80D14E0B) (patrol ports 52165/52166)
[2026-08-26T16:25:32.037703] screenshot smoke_sign_in/A: 01_sign-in-page.png
[2026-08-26T16:25:35.811199] screenshot smoke_sign_in/A: 02_home.png
[2026-08-26T16:25:39.726941] test smoke_sign_in: PASS
[2026-08-26T16:26:02.456080] screenshot flaky_demo/A: 01_before-assertion.png
[2026-08-26T16:26:03.977392] test flaky_demo: PASS
[2026-08-26T16:26:04.244926] scheduling cross_user_chat on A=ios:iPhone 16(07F94C82-4E7C-4B05-9076-C33B80D14E0B), B=android:e2e_pixel(emulator-5554)
[2026-08-26T16:26:04.245017] === test cross_user_chat ===
[2026-08-26T16:26:04.246019] cross_user_chat/A: user 2026-08-26t1624-508-cross-user-chat-a@e2e.example.com
[2026-08-26T16:26:04.246986] cross_user_chat/B: user 2026-08-26t1624-508-cross-user-chat-b@e2e.example.com
[2026-08-26T16:26:07.598466] launching cross_user_chat role=A on ios:iPhone 16(07F94C82-4E7C-4B05-9076-C33B80D14E0B) (patrol ports 52327/52328)
[2026-08-26T16:26:07.598844] launching cross_user_chat role=B on android:e2e_pixel(emulator-5554) (patrol ports 52329/52330)
[2026-08-26T16:26:41.119653] screenshot cross_user_chat/A: 01_signed-in.png
[2026-08-26T16:27:16.046392] screenshot cross_user_chat/B: 01_signed-in.png
[2026-08-26T16:27:19.621634] screenshot cross_user_chat/A: 02_chat-open.png
[2026-08-26T16:27:20.154375] screenshot cross_user_chat/A: 03_sent.png
[2026-08-26T16:27:23.018828] screenshot cross_user_chat/B: 02_chat-open.png
[2026-08-26T16:27:25.088350] screenshot cross_user_chat/B: 03_received.png
[2026-08-26T16:27:25.958799] screenshot cross_user_chat/A: 04_reply-received.png
[2026-08-26T16:27:26.674553] screenshot cross_user_chat/B: 04_replied.png
[2026-08-26T16:27:32.448158] test cross_user_chat: PASS
[2026-08-26T16:27:35.549565] summary: /Users/a_vachasov/dev/claude_projects/e2e_test_harness/runs/2026-08-26T1624_508/summary.html
[2026-08-26T16:27:35.549609] result: 5/5 passed, exit 0

===== audit run 4/5 =====
[2026-08-26T16:27:35.551593] run 2026-08-26T1627_551 (seq 11) → /Users/a_vachasov/dev/claude_projects/e2e_test_harness/runs/2026-08-26T1627_551
[2026-08-26T16:27:35.551610] tests: smoke_sign_in, single_user_notes, cross_user_chat, seeded_notes_reset, flaky_demo
[2026-08-26T16:27:35.551630] firebase: {mode: emulator, projectId: demo-e2e-harness, apiKey: null, serviceAccountKeyPath: <set>, authEmulatorPort: 0} provisioner: ephemeral
[2026-08-26T16:27:35.551741] starting Firebase Auth emulator on port 52996
[2026-08-26T16:27:38.290008] starting backend on port 53016
[2026-08-26T16:27:38.932703] sync server on port 53021
[2026-08-26T16:27:38.936686] provisioner ephemeral ready
[2026-08-26T16:27:38.936784] booting devices: ios, android
[2026-08-26T16:27:38.991980] ready: android:e2e_pixel(emulator-5554) (55 ms)
[2026-08-26T16:27:39.128468] ready: ios:iPhone 16(07F94C82-4E7C-4B05-9076-C33B80D14E0B) (191 ms)
[2026-08-26T16:27:39.129359] scheduling smoke_sign_in on A=android:e2e_pixel(emulator-5554)
[2026-08-26T16:27:39.129380] === test smoke_sign_in ===
[2026-08-26T16:27:39.129466] scheduling single_user_notes on A=ios:iPhone 16(07F94C82-4E7C-4B05-9076-C33B80D14E0B)
[2026-08-26T16:27:39.129473] === test single_user_notes ===
[2026-08-26T16:27:39.136986] smoke_sign_in/A: user 2026-08-26t1627-551-smoke-sign-in-a@e2e.example.com
[2026-08-26T16:27:39.140907] single_user_notes/A: user 2026-08-26t1627-551-single-user-notes-a@e2e.example.com
[2026-08-26T16:27:39.421424] launching single_user_notes role=A on ios:iPhone 16(07F94C82-4E7C-4B05-9076-C33B80D14E0B) (patrol ports 53043/53044)
[2026-08-26T16:27:40.573590] launching smoke_sign_in role=A on android:e2e_pixel(emulator-5554) (patrol ports 53058/53059)
[2026-08-26T16:28:13.948758] screenshot single_user_notes/A: 01_no-notes.png
[2026-08-26T16:28:15.382842] screenshot single_user_notes/A: 02_two-notes.png
[2026-08-26T16:28:17.232389] test single_user_notes: PASS
[2026-08-26T16:28:17.455092] scheduling seeded_notes_reset on A=ios:iPhone 16(07F94C82-4E7C-4B05-9076-C33B80D14E0B)
[2026-08-26T16:28:17.455173] === test seeded_notes_reset ===
[2026-08-26T16:28:17.457941] seeded_notes_reset/A: user 2026-08-26t1627-551-seeded-notes-reset-a@e2e.example.com seeded with "user-with-history"
[2026-08-26T16:28:17.725920] launching seeded_notes_reset role=A on ios:iPhone 16(07F94C82-4E7C-4B05-9076-C33B80D14E0B) (patrol ports 53347/53348)
[2026-08-26T16:28:51.809559] screenshot seeded_notes_reset/A: 01_seeded.png
[2026-08-26T16:28:51.821837] account reset seeded_notes_reset/A (mid-test)
[2026-08-26T16:28:52.291048] screenshot seeded_notes_reset/A: 02_after-reset.png
[2026-08-26T16:28:52.298149] seeded seeded_notes_reset/A with "user-with-history" (mid-test)
[2026-08-26T16:28:53.297370] screenshot seeded_notes_reset/A: 03_re-seeded.png
[2026-08-26T16:28:54.199770] screenshot smoke_sign_in/A: 01_sign-in-page.png
[2026-08-26T16:28:54.392667] test seeded_notes_reset: PASS
[2026-08-26T16:28:54.747478] scheduling flaky_demo on A=ios:iPhone 16(07F94C82-4E7C-4B05-9076-C33B80D14E0B)
[2026-08-26T16:28:54.747564] === test flaky_demo ===
[2026-08-26T16:28:54.748544] flaky_demo/A: user 2026-08-26t1627-551-flaky-demo-a@e2e.example.com
[2026-08-26T16:28:56.742752] launching flaky_demo role=A on ios:iPhone 16(07F94C82-4E7C-4B05-9076-C33B80D14E0B) (patrol ports 53488/53489)
[2026-08-26T16:29:00.530852] screenshot smoke_sign_in/A: 02_home.png
[2026-08-26T16:29:04.275404] test smoke_sign_in: PASS
[2026-08-26T16:29:28.904092] screenshot flaky_demo/A: 01_before-assertion.png
[2026-08-26T16:29:29.045179] screenshot flaky_demo/A: 02_failure.png
[2026-08-26T16:29:43.404611] test flaky_demo: FAIL (quarantined)
[2026-08-26T16:29:43.748652] scheduling cross_user_chat on A=ios:iPhone 16(07F94C82-4E7C-4B05-9076-C33B80D14E0B), B=android:e2e_pixel(emulator-5554)
[2026-08-26T16:29:43.748765] === test cross_user_chat ===
[2026-08-26T16:29:43.749994] cross_user_chat/A: user 2026-08-26t1627-551-cross-user-chat-a@e2e.example.com
[2026-08-26T16:29:43.750694] cross_user_chat/B: user 2026-08-26t1627-551-cross-user-chat-b@e2e.example.com
[2026-08-26T16:29:45.424339] launching cross_user_chat role=A on ios:iPhone 16(07F94C82-4E7C-4B05-9076-C33B80D14E0B) (patrol ports 53650/53651)
[2026-08-26T16:29:45.424695] launching cross_user_chat role=B on android:e2e_pixel(emulator-5554) (patrol ports 53652/53653)
[2026-08-26T16:30:19.479987] screenshot cross_user_chat/A: 01_signed-in.png
[2026-08-26T16:30:52.463693] screenshot cross_user_chat/B: 01_signed-in.png
[2026-08-26T16:30:56.441560] screenshot cross_user_chat/A: 02_chat-open.png
[2026-08-26T16:30:56.955744] screenshot cross_user_chat/A: 03_sent.png
[2026-08-26T16:30:59.464901] screenshot cross_user_chat/B: 02_chat-open.png
[2026-08-26T16:31:01.486009] screenshot cross_user_chat/B: 03_received.png
[2026-08-26T16:31:02.231254] screenshot cross_user_chat/A: 04_reply-received.png
[2026-08-26T16:31:02.941938] screenshot cross_user_chat/B: 04_replied.png
[2026-08-26T16:31:08.577194] test cross_user_chat: PASS
[2026-08-26T16:31:11.315634] WARN: quarantined test flaky_demo failed (tag "quarantine"): not counted against the run
[2026-08-26T16:31:11.354174] summary: /Users/a_vachasov/dev/claude_projects/e2e_test_harness/runs/2026-08-26T1627_551/summary.html
[2026-08-26T16:31:11.354245] result: 4/5 passed, exit 0

===== audit run 5/5 =====
[2026-08-26T16:31:11.356172] run 2026-08-26T1631_355 (seq 12) → /Users/a_vachasov/dev/claude_projects/e2e_test_harness/runs/2026-08-26T1631_355
[2026-08-26T16:31:11.356193] tests: smoke_sign_in, single_user_notes, cross_user_chat, seeded_notes_reset, flaky_demo
[2026-08-26T16:31:11.356215] firebase: {mode: emulator, projectId: demo-e2e-harness, apiKey: null, serviceAccountKeyPath: <set>, authEmulatorPort: 0} provisioner: ephemeral
[2026-08-26T16:31:11.356318] starting Firebase Auth emulator on port 54363
[2026-08-26T16:31:13.795283] starting backend on port 54381
[2026-08-26T16:31:14.437942] sync server on port 54386
[2026-08-26T16:31:14.442342] provisioner ephemeral ready
[2026-08-26T16:31:14.442492] booting devices: ios, android
[2026-08-26T16:31:14.497915] ready: android:e2e_pixel(emulator-5554) (55 ms)
[2026-08-26T16:31:14.633473] ready: ios:iPhone 16(07F94C82-4E7C-4B05-9076-C33B80D14E0B) (190 ms)
[2026-08-26T16:31:14.636256] scheduling smoke_sign_in on A=android:e2e_pixel(emulator-5554)
[2026-08-26T16:31:14.636279] === test smoke_sign_in ===
[2026-08-26T16:31:14.636348] scheduling single_user_notes on A=ios:iPhone 16(07F94C82-4E7C-4B05-9076-C33B80D14E0B)
[2026-08-26T16:31:14.636357] === test single_user_notes ===
[2026-08-26T16:31:14.643330] smoke_sign_in/A: user 2026-08-26t1631-355-smoke-sign-in-a@e2e.example.com
[2026-08-26T16:31:14.647224] single_user_notes/A: user 2026-08-26t1631-355-single-user-notes-a@e2e.example.com
[2026-08-26T16:31:14.949815] launching single_user_notes role=A on ios:iPhone 16(07F94C82-4E7C-4B05-9076-C33B80D14E0B) (patrol ports 54407/54408)
[2026-08-26T16:31:16.046518] launching smoke_sign_in role=A on android:e2e_pixel(emulator-5554) (patrol ports 54421/54422)
[2026-08-26T16:31:48.981910] screenshot single_user_notes/A: 01_no-notes.png
[2026-08-26T16:31:50.329422] screenshot single_user_notes/A: 02_two-notes.png
[2026-08-26T16:31:51.350791] test single_user_notes: PASS
[2026-08-26T16:31:52.271828] scheduling seeded_notes_reset on A=ios:iPhone 16(07F94C82-4E7C-4B05-9076-C33B80D14E0B)
[2026-08-26T16:31:52.271915] === test seeded_notes_reset ===
[2026-08-26T16:31:52.276985] seeded_notes_reset/A: user 2026-08-26t1631-355-seeded-notes-reset-a@e2e.example.com seeded with "user-with-history"
[2026-08-26T16:31:52.558648] launching seeded_notes_reset role=A on ios:iPhone 16(07F94C82-4E7C-4B05-9076-C33B80D14E0B) (patrol ports 54731/54732)
[2026-08-26T16:32:25.895828] screenshot seeded_notes_reset/A: 01_seeded.png
[2026-08-26T16:32:25.903667] account reset seeded_notes_reset/A (mid-test)
[2026-08-26T16:32:26.606677] screenshot seeded_notes_reset/A: 02_after-reset.png
[2026-08-26T16:32:26.615090] seeded seeded_notes_reset/A with "user-with-history" (mid-test)
[2026-08-26T16:32:27.829738] screenshot seeded_notes_reset/A: 03_re-seeded.png
[2026-08-26T16:32:29.679207] test seeded_notes_reset: PASS
[2026-08-26T16:32:29.987777] scheduling flaky_demo on A=ios:iPhone 16(07F94C82-4E7C-4B05-9076-C33B80D14E0B)
[2026-08-26T16:32:29.987880] === test flaky_demo ===
[2026-08-26T16:32:29.988793] flaky_demo/A: user 2026-08-26t1631-355-flaky-demo-a@e2e.example.com
[2026-08-26T16:32:31.258782] launching flaky_demo role=A on ios:iPhone 16(07F94C82-4E7C-4B05-9076-C33B80D14E0B) (patrol ports 55052/55053)
[2026-08-26T16:32:31.584941] screenshot smoke_sign_in/A: 01_sign-in-page.png
[2026-08-26T16:32:36.443237] screenshot smoke_sign_in/A: 02_home.png
[2026-08-26T16:32:40.466592] test smoke_sign_in: PASS
[2026-08-26T16:33:04.140538] screenshot flaky_demo/A: 01_before-assertion.png
[2026-08-26T16:33:05.704091] test flaky_demo: PASS
[2026-08-26T16:33:05.929118] scheduling cross_user_chat on A=ios:iPhone 16(07F94C82-4E7C-4B05-9076-C33B80D14E0B), B=android:e2e_pixel(emulator-5554)
[2026-08-26T16:33:05.929195] === test cross_user_chat ===
[2026-08-26T16:33:05.929964] cross_user_chat/A: user 2026-08-26t1631-355-cross-user-chat-a@e2e.example.com
[2026-08-26T16:33:05.930501] cross_user_chat/B: user 2026-08-26t1631-355-cross-user-chat-b@e2e.example.com
[2026-08-26T16:33:08.453403] launching cross_user_chat role=A on ios:iPhone 16(07F94C82-4E7C-4B05-9076-C33B80D14E0B) (patrol ports 55209/55210)
[2026-08-26T16:33:08.453730] launching cross_user_chat role=B on android:e2e_pixel(emulator-5554) (patrol ports 55211/55212)
[2026-08-26T16:33:41.365822] screenshot cross_user_chat/A: 01_signed-in.png
[2026-08-26T16:34:16.080956] screenshot cross_user_chat/B: 01_signed-in.png
[2026-08-26T16:34:19.571885] screenshot cross_user_chat/A: 02_chat-open.png
[2026-08-26T16:34:20.106477] screenshot cross_user_chat/A: 03_sent.png
[2026-08-26T16:34:22.690243] screenshot cross_user_chat/B: 02_chat-open.png
[2026-08-26T16:34:24.561236] screenshot cross_user_chat/B: 03_received.png
[2026-08-26T16:34:25.363955] screenshot cross_user_chat/A: 04_reply-received.png
[2026-08-26T16:34:26.174151] screenshot cross_user_chat/B: 04_replied.png
[2026-08-26T16:34:31.491947] test cross_user_chat: PASS
[2026-08-26T16:34:34.293772] summary: /Users/a_vachasov/dev/claude_projects/e2e_test_harness/runs/2026-08-26T1631_355/summary.html
[2026-08-26T16:34:34.293816] result: 5/5 passed, exit 0

test                   runs  pass   rate     p50     p95  verdict
cross_user_chat           5     5   100%   85.6s   88.2s  stable
flaky_demo                5     3    60%   35.7s   48.7s  consistent-step [quarantined]
    2× at "flaky-assertion": Expected: true Actual: <false> injected flake: run seq # is odd
seeded_notes_reset        5     5   100%   37.1s   37.4s  stable
single_user_notes         5     5   100%   37.4s   38.6s  stable
smoke_sign_in             5     5   100%   85.1s   89.6s  stable
run p50 203.0s · backend start 0.6s · auth emulator 2.5s · device boot android 0.1s, ios 0.2s

report: /Users/a_vachasov/dev/claude_projects/e2e_test_harness/runs/audit_2026-08-26T1617/audit.html
