[2026-08-26T15:56:51.561055] run 2026-08-26T1556_558 (seq 1) → /Users/a_vachasov/dev/claude_projects/e2e_test_harness/runs/2026-08-26T1556_558
[2026-08-26T15:56:51.562951] tests: flaky_demo
[2026-08-26T15:56:51.563463] firebase: {mode: emulator, projectId: demo-e2e-harness, apiKey: null, serviceAccountKeyPath: <set>, authEmulatorPort: 0} provisioner: ephemeral
[2026-08-26T15:56:51.567299] starting Firebase Auth emulator on port 57536
[2026-08-26T15:56:53.718235] starting backend on port 57555
[2026-08-26T15:56:54.368359] sync server on port 57559
[2026-08-26T15:56:54.378025] provisioner ephemeral ready
[2026-08-26T15:56:54.379180] booting devices: ios, android
[2026-08-26T15:56:54.438024] ready: android:e2e_pixel(emulator-5554) (57 ms)
[2026-08-26T15:56:54.570921] ready: ios:iPhone 16(07F94C82-4E7C-4B05-9076-C33B80D14E0B) (191 ms)
[2026-08-26T15:56:54.575044] scheduling flaky_demo on A=android:e2e_pixel(emulator-5554)
[2026-08-26T15:56:54.575882] === test flaky_demo ===
[2026-08-26T15:56:54.585471] flaky_demo/A: user 2026-08-26t1556-558-flaky-demo-a@e2e.example.com
[2026-08-26T15:56:56.247716] launching flaky_demo role=A on android:e2e_pixel(emulator-5554) (patrol ports 57590/57591)
[2026-08-26T15:57:42.125647] screenshot flaky_demo/A: 01_before-assertion.png
[2026-08-26T15:57:42.940801] screenshot flaky_demo/A: 02_failure.png
[2026-08-26T15:57:48.436825] test flaky_demo: FAIL (quarantined)
[2026-08-26T15:57:51.125804] WARN: quarantined test flaky_demo failed (tag "quarantine"): not counted against the run
[2026-08-26T15:57:51.166613] summary: /Users/a_vachasov/dev/claude_projects/e2e_test_harness/runs/2026-08-26T1556_558/summary.html
[2026-08-26T15:57:51.166671] result: 0/1 passed, exit 0
RUN_EXIT=0
