[2026-08-26T17:13:06.210507] run 2026-08-26T1713_207 (seq 13) → /Users/a_vachasov/dev/claude_projects/e2e_test_harness/runs/2026-08-26T1713_207
[2026-08-26T17:13:06.212478] tests: smoke_sign_in, single_user_notes, cross_user_chat, seeded_notes_reset, flaky_demo
[2026-08-26T17:13:06.213005] firebase: {mode: emulator, projectId: demo-e2e-harness, apiKey: null, serviceAccountKeyPath: <set>, authEmulatorPort: 0} provisioner: ephemeral
[2026-08-26T17:13:06.216709] starting Firebase Auth emulator on port 57727
[2026-08-26T17:13:08.667157] starting backend on port 57766
[2026-08-26T17:13:09.314264] sync server on port 57779
[2026-08-26T17:13:09.322594] provisioner ephemeral ready
[2026-08-26T17:13:09.323741] booting devices: ios, android
[2026-08-26T17:13:09.388365] ready: android:e2e_pixel(emulator-5554) (63 ms)
[2026-08-26T17:13:09.506828] ready: ios:iPhone 16(07F94C82-4E7C-4B05-9076-C33B80D14E0B) (182 ms)
[2026-08-26T17:13:09.512361] scheduling smoke_sign_in on A=android:e2e_pixel(emulator-5554)
[2026-08-26T17:13:09.513257] === test smoke_sign_in ===
[2026-08-26T17:13:09.513936] scheduling single_user_notes on A=ios:iPhone 16(07F94C82-4E7C-4B05-9076-C33B80D14E0B)
[2026-08-26T17:13:09.513960] === test single_user_notes ===
[2026-08-26T17:13:09.523078] smoke_sign_in/A: user 2026-08-26t1713-207-smoke-sign-in-a@e2e.example.com
[2026-08-26T17:13:09.523479] single_user_notes/A: user 2026-08-26t1713-207-single-user-notes-a@e2e.example.com
[2026-08-26T17:13:09.879320] launching single_user_notes role=A on ios:iPhone 16(07F94C82-4E7C-4B05-9076-C33B80D14E0B) (patrol ports 57794/57795)
[2026-08-26T17:13:11.471842] launching smoke_sign_in role=A on android:e2e_pixel(emulator-5554) (patrol ports 57815/57816)
[2026-08-26T17:13:45.792717] screenshot single_user_notes/A: 01_no-notes.png
[2026-08-26T17:13:47.194619] screenshot single_user_notes/A: 02_two-notes.png
[2026-08-26T17:13:49.025881] test single_user_notes: PASS
[2026-08-26T17:13:49.476747] scheduling seeded_notes_reset on A=ios:iPhone 16(07F94C82-4E7C-4B05-9076-C33B80D14E0B)
[2026-08-26T17:13:49.476851] === test seeded_notes_reset ===
[2026-08-26T17:13:49.481381] seeded_notes_reset/A: user 2026-08-26t1713-207-seeded-notes-reset-a@e2e.example.com seeded with "user-with-history"
[2026-08-26T17:13:49.767919] launching seeded_notes_reset role=A on ios:iPhone 16(07F94C82-4E7C-4B05-9076-C33B80D14E0B) (patrol ports 58159/58160)
[2026-08-26T17:14:23.624755] screenshot seeded_notes_reset/A: 01_seeded.png
[2026-08-26T17:14:23.635579] account reset seeded_notes_reset/A (mid-test)
[2026-08-26T17:14:24.428073] screenshot seeded_notes_reset/A: 02_after-reset.png
[2026-08-26T17:14:24.436721] seeded seeded_notes_reset/A with "user-with-history" (mid-test)
[2026-08-26T17:14:25.453485] screenshot seeded_notes_reset/A: 03_re-seeded.png
[2026-08-26T17:14:27.099850] test seeded_notes_reset: PASS
[2026-08-26T17:14:27.326927] scheduling flaky_demo on A=ios:iPhone 16(07F94C82-4E7C-4B05-9076-C33B80D14E0B)
[2026-08-26T17:14:27.327011] === test flaky_demo ===
[2026-08-26T17:14:27.328213] flaky_demo/A: user 2026-08-26t1713-207-flaky-demo-a@e2e.example.com
[2026-08-26T17:14:27.612857] launching flaky_demo role=A on ios:iPhone 16(07F94C82-4E7C-4B05-9076-C33B80D14E0B) (patrol ports 58295/58296)
[2026-08-26T17:14:31.673713] screenshot smoke_sign_in/A: 01_sign-in-page.png
[2026-08-26T17:14:34.976998] screenshot smoke_sign_in/A: 02_home.png
[2026-08-26T17:14:42.493283] test smoke_sign_in: PASS
[2026-08-26T17:14:59.983754] screenshot flaky_demo/A: 01_before-assertion.png
[2026-08-26T17:15:00.189716] screenshot flaky_demo/A: 02_failure.png
[2026-08-26T17:15:14.746903] test flaky_demo: FAIL (quarantined)
[2026-08-26T17:15:15.018796] scheduling cross_user_chat on A=ios:iPhone 16(07F94C82-4E7C-4B05-9076-C33B80D14E0B), B=android:e2e_pixel(emulator-5554)
[2026-08-26T17:15:15.018873] === test cross_user_chat ===
[2026-08-26T17:15:15.019718] cross_user_chat/A: user 2026-08-26t1713-207-cross-user-chat-a@e2e.example.com
[2026-08-26T17:15:15.020527] cross_user_chat/B: user 2026-08-26t1713-207-cross-user-chat-b@e2e.example.com
[2026-08-26T17:15:17.033627] launching cross_user_chat role=A on ios:iPhone 16(07F94C82-4E7C-4B05-9076-C33B80D14E0B) (patrol ports 58456/58457)
[2026-08-26T17:15:17.034100] launching cross_user_chat role=B on android:e2e_pixel(emulator-5554) (patrol ports 58458/58459)
[2026-08-26T17:15:51.660964] screenshot cross_user_chat/A: 01_signed-in.png
[2026-08-26T17:16:28.163920] screenshot cross_user_chat/B: 01_signed-in.png
[2026-08-26T17:16:32.375557] screenshot cross_user_chat/A: 02_chat-open.png
[2026-08-26T17:16:32.909479] screenshot cross_user_chat/A: 03_sent.png
[2026-08-26T17:16:34.736300] screenshot cross_user_chat/B: 02_chat-open.png
[2026-08-26T17:16:36.621618] screenshot cross_user_chat/B: 03_received.png
[2026-08-26T17:16:37.141102] screenshot cross_user_chat/A: 04_reply-received.png
[2026-08-26T17:16:38.028996] screenshot cross_user_chat/B: 04_replied.png
[2026-08-26T17:16:43.717020] test cross_user_chat: PASS
[2026-08-26T17:16:46.329366] WARN: quarantined test flaky_demo failed (tag "quarantine"): not counted against the run
[2026-08-26T17:16:46.371149] summary: /Users/a_vachasov/dev/claude_projects/e2e_test_harness/runs/2026-08-26T1713_207/summary.html
[2026-08-26T17:16:46.371215] result: 4/5 passed, exit 0
RUN_EXIT=0
