
=== toolchain versions ===
Flutter 3.44.8 • channel stable • https://github.com/flutter/flutter.git
Framework • revision 058e0af2c2 (5 weeks ago) • 2026-07-23 10:56:21 -0700
Engine • hash 13ffd72b2f9a5ca4db2a74ea52d5353ec2e8f939 (revision 0cd610717b) (1 months ago) • 2026-07-23 16:11:34.000Z
Tools • Dart 3.12.2 • DevTools 2.57.0
Dart SDK version: 3.12.2 (stable) (Tue Jun 9 01:11:39 2026 -0700) on "macos_arm64"

=== patrol_cli ===

Update available! 4.6.1 → 4.7.0

Check the compatibility table at: https://patrol.leancode.co/documentation/compatibility-table


patrol_cli v4.6.1

=== app platform folders ===
android/ and ios/ already present

=== android: gradle patrol config ===
gradle: already patched

=== android: MainActivityTest ===
MainActivityTest.java written

=== dependency resolution ===
Resolving dependencies...
Downloading packages...
  matcher 0.12.19 (0.12.20 available)
  material_color_utilities 0.13.0 (0.13.1 available)
  meta 1.18.0 (1.19.0 available)
  test_api 0.7.11 (0.7.13 available)
  vector_math 2.2.0 (2.4.2 available)
Got dependencies!
5 packages have newer versions incompatible with dependency constraints.
Try `flutter pub outdated` for more information.
Resolving dependencies...
Downloading packages...
Got dependencies!
Resolving dependencies...
Downloading packages...
Got dependencies!
Resolving dependencies...
Downloading packages...
Got dependencies!

=== unit tests: backend ===
00:00 +0: loading test/api_test.dart
00:00 +0: test/api_test.dart: health
{"ts":"2026-08-26T08:59:30.571690Z","method":"GET","path":"/health","status":200,"runId":null,"testId":null,"ms":2}
00:00 +1: test/api_test.dart: ping round trip
{"ts":"2026-08-26T08:59:30.588217Z","method":"POST","path":"/api/ping","status":200,"runId":null,"testId":null,"ms":1}
{"ts":"2026-08-26T08:59:30.591029Z","method":"GET","path":"/api/pings","status":200,"runId":null,"testId":null,"ms":0}
00:00 +2: test/api_test.dart: ping requires from
{"ts":"2026-08-26T08:59:30.592655Z","method":"POST","path":"/api/ping","status":400,"runId":null,"testId":null,"ms":0}
00:00 +3: test/api_test.dart: reset clears state
{"ts":"2026-08-26T08:59:30.595033Z","method":"POST","path":"/api/ping","status":200,"runId":null,"testId":null,"ms":0}
{"ts":"2026-08-26T08:59:30.595946Z","method":"POST","path":"/test/reset","status":200,"runId":null,"testId":null,"ms":0}
{"ts":"2026-08-26T08:59:30.597175Z","method":"GET","path":"/api/pings","status":200,"runId":null,"testId":null,"ms":0}
00:00 +4: test/api_test.dart: reset is forbidden outside test mode
{"ts":"2026-08-26T08:59:30.598931Z","method":"POST","path":"/test/reset","status":403,"runId":null,"testId":null,"ms":0}
00:00 +5: All tests passed!

=== unit tests: orchestrator ===
00:00 +0: loading test/config_test.dart
00:00 +0: test/config_test.dart: loads defaults for a minimal config
00:00 +1: test/config_test.dart: loads defaults for a minimal config
00:00 +2: test/sync_server_test.dart: barrier counts distinct parties
00:00 +3: test/sync_server_test.dart: barrier counts distinct parties
00:00 +4: test/sync_server_test.dart: barrier counts distinct parties
00:00 +5: test/sync_server_test.dart: barrier counts distinct parties
00:00 +6: test/sync_server_test.dart: namespaces are isolated
00:00 +7: test/sync_server_test.dart: event emit and read
00:00 +8: test/sync_server_test.dart: kv put and get
00:00 +9: All tests passed!

=== static analysis ===
Resolving dependencies...
Downloading packages...
  matcher 0.12.19 (0.12.20 available)
  material_color_utilities 0.13.0 (0.13.1 available)
  meta 1.18.0 (1.19.0 available)
  test_api 0.7.11 (0.7.13 available)
  vector_math 2.2.0 (2.4.2 available)
Got dependencies!
5 packages have newer versions incompatible with dependency constraints.
Try `flutter pub outdated` for more information.
Analyzing app...                                                
No issues found! (ran in 1.1s)
Analyzing orchestrator...
No issues found!
Analyzing test_support...
No issues found!
Analyzing backend...
No issues found!

=== patrol doctor ===
Patrol doctor:
Patrol CLI version: 4.6.1
Flutter command: flutter 
  Flutter 3.44.8 • channel stable
Android: 
• Program adb not found (install with `export PATH="$ANDROID_HOME/platform-tools:$PATH"`)
• Env var $ANDROID_HOME is not set. (See the link: https://developer.android.com/tools/variables#set)
iOS / macOS: 
• Program xcodebuild found in /usr/bin/xcodebuild
• Program ideviceinstaller not found (install with `brew install ideviceinstaller`)
Web: 
• Program node not found (Install Node.js)
• Program npm not found (Install npm`)

=== e2e doctor ===
Could not find an option named "--directory".

Usage: dart run [vm-options] <dart-file>|<local-pkg>|<remote-pkg>@<descriptor> <program-args...>
-h, --help                                   Print this usage information.

Debugging options:
    --observe=<[<port>[/<bind-address>]]>    The observe flag is a convenience flag used to run a program with a set of common options useful for debugging. Run `dart help -v run` for details.
    --[no-]enable-asserts                    Enable assert statements.

Logging options:
    --verbosity                              Sets the verbosity level of the compilation.

          [error]                            Show only error messages
          [warning]                          Show only error and warning messages
          [info]                             Show error, warning, and info messages
          [all] (default)                    Show all messages

Run "dart help" to see global options.
(e2e doctor reported issues — review above)

STEP1 OK
