
=== cocoapods ===
1.17.0

=== ruby xcodeproj gem ===
xcodeproj gem ok

=== regenerate ios/ without Swift Package Manager ===

=== podfile: RunnerUITests block ===
podfile: already patched

=== RunnerUITests.m ===
RunnerUITests.m written

=== xcode project: RunnerUITests target + scheme ===
xcodeproj: RunnerUITests target already exists
xcodeproj: RunnerUITests build settings updated
scheme: RunnerUITests already in test action

=== pod install ===
Analyzing dependencies
Downloading dependencies
Generating Pods project
Integrating client project
Pod installation complete! There are 3 dependencies from the Podfile and 4 total pods installed.

[!] Automatically assigning platform `iOS` with version `13.0` on target `Runner` because no platform was specified. Please specify a platform for this target in your Podfile. See `https://guides.cocoapods.org/syntax/podfile.html#platform`.

[!] CocoaPods did not set the base configuration of your project because your project already has a custom config set. In order for CocoaPods integration to work at all, please either set the base configurations of the target `Runner` to `Target Support Files/Pods-Runner/Pods-Runner.profile.xcconfig` or include the `Target Support Files/Pods-Runner/Pods-Runner.profile.xcconfig` in your build configuration (`Flutter/Release.xcconfig`).

=== patrol build ios (simulator) — the gate ===

Update available! 4.6.1 → 4.7.0

Check the compatibility table at: https://patrol.leancode.co/documentation/compatibility-table


• Building app with entrypoint test_bundle.dart for iOS simulator (debug)...
	Resolving dependencies...
	Downloading packages...
	  matcher 0.12.19 (0.12.20 available)
	  material_color_utilities 0.13.0 (0.13.1 available)
	  meta 1.18.0 (1.19.0 available)
	  test_api 0.7.11 (0.7.13 available)
	  vector_math 2.2.0 (2.4.2 available)
	Got dependencies!
	5 packages have newer versions incompatible with dependency constraints.
	Try `flutter pub outdated` for more information.
	Building com.example.e2eExampleApp for simulator (ios)...
	Running pod install...                                             487ms
✓ Completed building app with entrypoint test_bundle.dart for iOS simulator (25.6s)
build/ios_integ/Build/Products/Debug-iphonesimulator/Runner.app (app under test)
build/ios_integ/Build/Products/Debug-iphonesimulator/RunnerUITests-Runner.app (test instrumentation app)
build/ios_integ/Build/Products/Runner_iphonesimulator26.5-arm64-x86_64.xctestrun (xctestrun file)

STEP2 OK
